exports[`Dashboard snapshot renders without crashing!" 1`] = `
<div>
  <div
    className="nav-bar"
    data-jsx={2548831492}>
    <div
      className="ui top fixed pointing menu">
      <a
        data-jsx={2548831492}
        href="/"
        onClick={[Function]}>
        <div
          className="link item"
          onClick={[Function]}>
          <img
            data-jsx={2548831492}
            src="/static/plateLogo.png" />
          <span
            className="logo-text"
            data-jsx={2548831492}>
            late
          </span>
        </div>
      </a>
      <div
        className="right menu">
        <a
          className="link item"
          onClick={[Function]}>
          <span
            data-jsx={2548831492}>
            MENU
          </span>
        </a>
      </div>
    </div>
    <div
      data-jsx={1706063930} />
  </div>
  <h1>
    Dashboard
  </h1>
</div>
`;
