exports[`GlobalMenu snapshot renders without crashing!" 1`] = `
<div
  data-jsx={4290012279}>
  <div
    className="nav-bar"
    data-jsx={2548831492}>
    <div
      className="ui pointing top fixed menu">
      <a
        data-jsx={2548831492}
        href="/"
        onClick={[Function]}>
        <div
          className="link item"
          onClick={[Function]}>
          <img
            data-jsx={2548831492}
            src="/static/plateLogo.png" />
          <span
            className="logo-text"
            data-jsx={2548831492}>
            late
          </span>
        </div>
      </a>
      <div
        className="right menu">
        <div
          className="link item"
          onClick={[Function]}>
          <span
            data-jsx={2548831492}>
            MENU
          </span>
        </div>
      </div>
    </div>
    <div
      data-jsx={2779333434} />
  </div>
  <div
    data-jsx={2779333434} />
</div>
`;
