exports[`LoginForm snapshot renders without crashing!" 1`] = `
<div
  data-jsx={4290012279}>
  <div
    className="nav-bar"
    data-jsx={2548831492}>
    <div
      className="ui pointing top fixed menu">
      <a
        data-jsx={2548831492}
        href="/"
        onClick={[Function]}>
        <div
          className="link item"
          onClick={[Function]}>
          <img
            data-jsx={2548831492}
            src="/static/plateLogo.png" />
          <span
            className="logo-text"
            data-jsx={2548831492}>
            late
          </span>
        </div>
      </a>
      <div
        className="right menu">
        <div
          className="link item"
          onClick={[Function]}>
          <span
            data-jsx={2548831492}>
            MENU
          </span>
        </div>
      </div>
    </div>
    <div
      data-jsx={2779333434} />
  </div>
  <div
    className="ui centered padded grid">
    <div
      className="row">
      <div
        className="six wide computer six wide large screen sixteen wide mobile ten wide tablet column">
        <h2>
          Login
        </h2>
        <form
          className="ui form"
          onSubmit={[Function]}>
          <div
            className="field">
            <label>
              Email
            </label>
            <div
              className="ui input">
              <input
                name="email"
                placeholder="email"
                required={undefined}
                type="text" />
            </div>
          </div>
          <div
            className="field">
            <label>
              Password
            </label>
            <div
              className="ui input">
              <input
                name="password"
                placeholder="password"
                required={undefined}
                type="password" />
            </div>
          </div>
          <button
            className="ui fluid primary button"
            onClick={[Function]}
            tabIndex={undefined}>
            Login
          </button>
        </form>
      </div>
    </div>
    <a
      href="/forgotPassword"
      onClick={[Function]}>
      Forgot Password?
    </a>
  </div>
</div>
`;
